LTspice 26.0.2 for Windows
Circuit: C:\Users\Vaansh Idnani\OneDrive\Desktop\LTspice\nmosrig.net
Start Time: Mon Sep  7 19:04:30 2026
solver = Normal
Maximum thread count: 22
tnom = 27
temp = 27
method = trap
C:\Users\Vaansh Idnani\OneDrive\Desktop\LTspice\nmosrig.net(4): Missing value, assuming 0V @ DC.

Vgs N001 0
^^^^^^^^^^
.step Vgs=1 
.step Vgs=2 
.step Vgs=3 
.step Vgs=4 
.step Vgs=5 
Total elapsed time: 0.101 seconds.

Files loaded:
C:\Users\Vaansh Idnani\OneDrive\Desktop\LTspice\nmosrig.net
C:\Users\Vaansh Idnani\AppData\Local\LTspice\lib\cmp\standard.mos

